
> lupos-bot@1.0.0 test
> vitest run --passWithNoTests


[1m[30m[46m RUN [49m[39m[22m [36mv4.1.5 [39m[90m/home/rodrigo/development/lupos-bot[39m

 [32m✓[39m tests/services/ImageDetection.test.ts [2m([22m[2m175 tests[22m[2m)[22m[32m 30[2mms[22m[39m
[90mstdout[2m | tests/services/services.test.ts[2m > [22m[2mservices.js (Express Routes)[2m > [22m[2mshould register /transcribe/:audioUrl route
[22m[39m✅ /transcribe route registered

[90mstdout[2m | tests/services/services.test.ts[2m > [22m[2mservices.js (Express Routes)[2m > [22m[2mshould register guild routes via router.use
[22m[39m✅ /transcribe route registered

[90mstdout[2m | tests/services/services.test.ts[2m > [22m[2mservices.js (Express Routes)[2m > [22m[2mroute handler should reject if audioUrl is missing
[22m[39m✅ /transcribe route registered
hit

[90mstdout[2m | tests/services/services.test.ts[2m > [22m[2mservices.js (Express Routes)[2m > [22m[2mroute handler should call AIService and return transcription
[22m[39m✅ /transcribe route registered
hit

[90mstdout[2m | tests/services/services.test.ts[2m > [22m[2mservices.js (Express Routes)[2m > [22m[2mroute handler should catch errors and return 500
[22m[39m✅ /transcribe route registered
hit

 [32m✓[39m tests/services/CurrentService.test.ts [2m([22m[2m3 tests[22m[2m)[22m[32m 3[2mms[22m[39m
 [32m✓[39m tests/services/services.test.ts [2m([22m[2m5 tests[22m[2m)[22m[32m 8[2mms[22m[39m
 [32m✓[39m tests/utilities/TemporalHelpers.test.ts [2m([22m[2m42 tests[22m[2m)[22m[32m 11[2mms[22m[39m
 [32m✓[39m tests/services/YapperService.test.ts [2m([22m[2m2 tests[22m[2m)[22m[32m 4[2mms[22m[39m
 [32m✓[39m tests/services/AlcoholService.test.ts [2m([22m[2m8 tests[22m[2m)[22m[32m 4[2mms[22m[39m
 [32m✓[39m tests/services/ThirstService.test.ts [2m([22m[2m6 tests[22m[2m)[22m[32m 3[2mms[22m[39m
 [32m✓[39m tests/wrappers/DiscordWrapper.test.ts [2m([22m[2m2 tests[22m[2m)[22m[32m 3[2mms[22m[39m
 [32m✓[39m tests/services/BathroomService.test.ts [2m([22m[2m6 tests[22m[2m)[22m[32m 3[2mms[22m[39m
 [32m✓[39m tests/services/MessageService.test.ts [2m([22m[2m4 tests[22m[2m)[22m[32m 3[2mms[22m[39m
[90mstdout[2m | tests/services/EnergyService.test.ts[2m > [22m[2mEnergyService[2m > [22m[2mincreaseEnergyLevel should increase the level by 1
[22m[39mEnergy level increased to: 51

[90mstdout[2m | tests/services/EnergyService.test.ts[2m > [22m[2mEnergyService[2m > [22m[2mincreaseEnergyLevel should not exceed 100
[22m[39mEnergy level increased to: 100

[90mstdout[2m | tests/services/EnergyService.test.ts[2m > [22m[2mEnergyService[2m > [22m[2mdecreaseEnergyLevel should decrease the level by 1
[22m[39mEnergy level decreased to: 49

[90mstdout[2m | tests/services/EnergyService.test.ts[2m > [22m[2mEnergyService[2m > [22m[2mdecreaseEnergyLevel should not fall below 0
[22m[39mEnergy level decreased to: 0

[90mstdout[2m | tests/services/SicknessService.test.ts[2m > [22m[2mSicknessService[2m > [22m[2mincreaseSicknessLevel should increase the level by 10
[22m[39mSickness level increased to: 30

[90mstdout[2m | tests/services/SicknessService.test.ts[2m > [22m[2mSicknessService[2m > [22m[2mincreaseSicknessLevel should not exceed 100
[22m[39mSickness level increased to: 100

 [32m✓[39m tests/services/EnergyService.test.ts [2m([22m[2m7 tests[22m[2m)[22m[32m 5[2mms[22m[39m
[90mstdout[2m | tests/services/SicknessService.test.ts[2m > [22m[2mSicknessService[2m > [22m[2mdecreaseSicknessLevel should decrease the level by 10
[22m[39mSickness level decreased to: 40

[90mstdout[2m | tests/services/SicknessService.test.ts[2m > [22m[2mSicknessService[2m > [22m[2mdecreaseSicknessLevel should not fall below 0
[22m[39mSickness level decreased to: 0

 [32m✓[39m tests/services/SicknessService.test.ts [2m([22m[2m6 tests[22m[2m)[22m[32m 5[2mms[22m[39m
[90mstdout[2m | tests/services/HungerService.test.ts[2m > [22m[2mHungerService[2m > [22m[2mincreaseHungerLevel should increase the level by 1
[22m[39mHunger level increased to: 21

[90mstdout[2m | tests/services/HungerService.test.ts[2m > [22m[2mHungerService[2m > [22m[2mincreaseHungerLevel should not exceed 100
[22m[39mHunger level increased to: 100

[90mstdout[2m | tests/services/HungerService.test.ts[2m > [22m[2mHungerService[2m > [22m[2mdecreaseHungerLevel should decrease the level by 1
[22m[39mHunger level decreased to: 49

[90mstdout[2m | tests/services/HungerService.test.ts[2m > [22m[2mHungerService[2m > [22m[2mdecreaseHungerLevel should not fall below 0
[22m[39mHunger level decreased to: 0

 [32m✓[39m tests/services/HungerService.test.ts [2m([22m[2m6 tests[22m[2m)[22m[32m 5[2mms[22m[39m
[90mstdout[2m | tests/services/MoodService.test.ts[2m > [22m[2mMoodService[2m > [22m[2mgenerateMoodMessage should correctly alter mood based on temperature
[22m[39mCurrent mood level: 3

 [32m✓[39m tests/services/MoodService.test.ts [2m([22m[2m7 tests[22m[2m)[22m[32m 6[2mms[22m[39m
 [32m✓[39m tests/services/ConversationFlow.test.ts [2m([22m[2m9 tests[22m[2m)[22m[32m 5[2mms[22m[39m
 [32m✓[39m tests/services/DiscordService.test.ts [2m([22m[2m2 tests[22m[2m)[22m[32m 2[2mms[22m[39m
 [32m✓[39m tests/services/AIService.test.ts [2m([22m[2m2 tests[22m[2m)[22m[32m 3[2mms[22m[39m
 [32m✓[39m tests/services/DiscordUtilityService.test.ts [2m([22m[2m10 tests[22m[2m)[22m[32m 4[2mms[22m[39m

[2m Test Files [22m [1m[32m18 passed[39m[22m[90m (18)[39m
[2m      Tests [22m [1m[32m302 passed[39m[22m[90m (302)[39m
[2m   Start at [22m 11:38:05
[2m   Duration [22m 846ms[2m (transform 3.51s, setup 0ms, import 5.32s, tests 106ms, environment 2ms)[22m

