src/services/DiscordService.ts(349,7): error TS18048: 'member.presence.activities.length' is possibly 'undefined'.
src/services/DiscordService.ts(350,26): error TS18047: 'member.presence' is possibly 'null'.
src/services/DiscordService.ts(356,24): error TS18047: 'member.presence' is possibly 'null'.
src/services/DiscordService.ts(404,55): error TS2345: Argument of type 'number | null' is not assignable to parameter of type 'number'.
  Type 'null' is not assignable to type 'number'.
src/services/DiscordService.ts(427,39): error TS2769: No overload matches this call.
  Overload 1 of 2, '(predicate: (value: string, index: number, array: string[]) => value is string, thisArg?: any): string[]', gave the following error.
    Argument of type '(perm: bigint) => boolean' is not assignable to parameter of type '(value: string, index: number, array: string[]) => value is string'.
      Types of parameters 'perm' and 'value' are incompatible.
        Type 'string' is not assignable to type 'bigint'.
  Overload 2 of 2, '(predicate: (value: string, index: number, array: string[]) => unknown, thisArg?: any): string[]', gave the following error.
    Argument of type '(perm: bigint) => boolean' is not assignable to parameter of type '(value: string, index: number, array: string[]) => unknown'.
      Types of parameters 'perm' and 'value' are incompatible.
        Type 'string' is not assignable to type 'bigint'.
src/services/DiscordService.ts(432,67): error TS2345: Argument of type 'DMChannel | VoiceChannel | TextChannel | NewsChannel | PartialDMChannel | PartialGroupDMChannel | StageChannel | PublicThreadChannel<...> | PrivateThreadChannel' is not assignable to parameter of type 'GuildChannelResolvable'.
  Type 'DMChannel' is not assignable to type 'GuildChannelResolvable'.
    Type 'DMChannel' is not assignable to type 'VoiceChannel | TextChannel | NewsChannel | CategoryChannel | StageChannel | PublicThreadChannel<boolean> | PrivateThreadChannel | ForumChannel | MediaChannel'.
      Type 'DMChannel' is missing the following properties from type 'PrivateThreadChannel': archived, archivedAt, archiveTimestamp, _createdTimestamp, and 39 more.
src/services/DiscordService.ts(494,22): error TS2339: Property 'cameraOn' does not exist on type 'VoiceState'.
src/services/DiscordService.ts(500,22): error TS2551: Property 'requestedToSpeak' does not exist on type 'VoiceState'. Did you mean 'setRequestToSpeak'?
src/services/DiscordService.ts(533,11): error TS2339: Property 'message' does not exist on type 'unknown'.
src/services/DiscordService.ts(533,20): error TS2339: Property 'recentMessages' does not exist on type 'unknown'.
src/services/DiscordService.ts(550,62): error TS2345: Argument of type '(context: string) => { context: string; patterns: any; }' is not assignable to parameter of type '(value: { title: string; keywords: string; description: string; userId?: undefined; } | { title: string; keywords: string; userId: string; description: string; }, index: number, array: ({ title: string; keywords: string; description: string; userId?: undefined; } | { ...; })[]) => { ...; }'.
  Types of parameters 'context' and 'value' are incompatible.
    Type '{ title: string; keywords: string; description: string; userId?: undefined; } | { title: string; keywords: string; userId: string; description: string; }' is not assignable to type 'string'.
      Type '{ title: string; keywords: string; description: string; userId?: undefined; }' is not assignable to type 'string'.
src/services/DiscordService.ts(551,48): error TS2339: Property 'keywords' does not exist on type 'string'.
src/services/DiscordService.ts(552,21): error TS2339: Property 'keywords' does not exist on type 'string'.
src/services/DiscordService.ts(553,21): error TS2339: Property 'keywords' does not exist on type 'string'.
src/services/DiscordService.ts(580,26): error TS2345: Argument of type 'unknown' is not assignable to parameter of type 'string'.
src/services/DiscordService.ts(590,26): error TS2531: Object is possibly 'null'.
src/services/DiscordService.ts(594,68): error TS2531: Object is possibly 'null'.
src/services/DiscordService.ts(597,9): error TS2531: Object is possibly 'null'.
src/services/DiscordService.ts(603,11): error TS2531: Object is possibly 'null'.
src/services/DiscordService.ts(604,59): error TS2531: Object is possibly 'null'.
src/services/DiscordService.ts(608,32): error TS2531: Object is possibly 'null'.
src/services/DiscordService.ts(609,32): error TS2531: Object is possibly 'null'.
src/services/DiscordService.ts(610,32): error TS2531: Object is possibly 'null'.
src/services/DiscordService.ts(611,11): error TS2531: Object is possibly 'null'.
src/services/DiscordService.ts(616,11): error TS2531: Object is possibly 'null'.
src/services/DiscordService.ts(617,34): error TS2531: Object is possibly 'null'.
src/services/DiscordService.ts(618,31): error TS2531: Object is possibly 'null'.
src/services/DiscordService.ts(627,11): error TS2531: Object is possibly 'null'.
src/services/DiscordService.ts(628,34): error TS2531: Object is possibly 'null'.
src/services/DiscordService.ts(631,11): error TS2531: Object is possibly 'null'.
src/services/DiscordService.ts(632,34): error TS2531: Object is possibly 'null'.
src/services/DiscordService.ts(637,35): error TS2531: Object is possibly 'null'.
src/services/DiscordService.ts(638,9): error TS2769: No overload matches this call.
  Overload 1 of 6, '(fn: (value: GuildBasedChannel, key: string, collection: Collection<string, GuildBasedChannel>) => key is string): Collection<string, GuildBasedChannel>', gave the following error.
    Argument of type '(channel: GuildChannel) => boolean' is not assignable to parameter of type '(value: GuildBasedChannel, key: string, collection: Collection<string, GuildBasedChannel>) => key is string'.
      Types of parameters 'channel' and 'value' are incompatible.
        Type 'GuildBasedChannel' is not assignable to type 'GuildChannel'.
          Type 'PublicThreadChannel<boolean>' is missing the following properties from type 'GuildChannel': memberPermissions, rolePermissions, deletable, permissionOverwrites, and 8 more.
  Overload 2 of 6, '(fn: (value: GuildBasedChannel, key: string, collection: Collection<string, GuildBasedChannel>) => value is GuildBasedChannel): Collection<...>', gave the following error.
    Argument of type '(channel: GuildChannel) => boolean' is not assignable to parameter of type '(value: GuildBasedChannel, key: string, collection: Collection<string, GuildBasedChannel>) => value is GuildBasedChannel'.
      Types of parameters 'channel' and 'value' are incompatible.
        Type 'GuildBasedChannel' is not assignable to type 'GuildChannel'.
          Type 'PublicThreadChannel<boolean>' is missing the following properties from type 'GuildChannel': memberPermissions, rolePermissions, deletable, permissionOverwrites, and 8 more.
  Overload 3 of 6, '(fn: (value: GuildBasedChannel, key: string, collection: Collection<string, GuildBasedChannel>) => unknown): Collection<string, GuildBasedChannel>', gave the following error.
    Argument of type '(channel: GuildChannel) => boolean' is not assignable to parameter of type '(value: GuildBasedChannel, key: string, collection: Collection<string, GuildBasedChannel>) => unknown'.
      Types of parameters 'channel' and 'value' are incompatible.
        Type 'GuildBasedChannel' is not assignable to type 'GuildChannel'.
          Type 'PublicThreadChannel<boolean>' is missing the following properties from type 'GuildChannel': memberPermissions, rolePermissions, deletable, permissionOverwrites, and 8 more.
src/services/DiscordService.ts(638,36): error TS2367: This comparison appears to be unintentional because the types 'ChannelType' and 'string' have no overlap.
src/services/DiscordService.ts(643,69): error TS2339: Property 'size' does not exist on type 'Collection<string, GuildMember> | ThreadMemberManager'.
  Property 'size' does not exist on type 'ThreadMemberManager'.
src/services/DiscordService.ts(644,48): error TS2339: Property 'values' does not exist on type 'Collection<string, GuildMember> | ThreadMemberManager'.
  Property 'values' does not exist on type 'ThreadMemberManager'.
src/services/DiscordService.ts(652,90): error TS2339: Property 'name' does not exist on type 'DMChannel | VoiceChannel | TextChannel | NewsChannel | PartialDMChannel | PartialGroupDMChannel | StageChannel | PublicThreadChannel<...> | PrivateThreadChannel'.
  Property 'name' does not exist on type 'DMChannel'.
src/services/DiscordService.ts(653,40): error TS2339: Property 'topic' does not exist on type 'DMChannel | VoiceChannel | TextChannel | NewsChannel | PartialDMChannel | PartialGroupDMChannel | StageChannel | PublicThreadChannel<...> | PrivateThreadChannel'.
  Property 'topic' does not exist on type 'DMChannel'.
src/services/DiscordService.ts(654,83): error TS2339: Property 'topic' does not exist on type 'DMChannel | VoiceChannel | TextChannel | NewsChannel | PartialDMChannel | PartialGroupDMChannel | StageChannel | PublicThreadChannel<...> | PrivateThreadChannel'.
  Property 'topic' does not exist on type 'DMChannel'.
src/services/DiscordService.ts(657,9): error TS2345: Argument of type 'number | null' is not assignable to parameter of type 'number'.
  Type 'null' is not assignable to type 'number'.
src/services/DiscordService.ts(664,11): error TS2531: Object is possibly 'null'.
src/services/DiscordService.ts(683,33): error TS18046: 'participantsAvatarsCollection' is of type 'unknown'.
src/services/DiscordService.ts(684,26): error TS2345: Argument of type '{ url: any; userId: any; }' is not assignable to parameter of type 'string'.
src/services/DiscordService.ts(686,33): error TS18046: 'participantsBannersCollection' is of type 'unknown'.
src/services/DiscordService.ts(687,26): error TS2345: Argument of type '{ url: any; userId: any; }' is not assignable to parameter of type 'string'.
src/services/DiscordService.ts(695,9): error TS2345: Argument of type 'unknown' is not assignable to parameter of type 'MongoClient'.
src/services/DiscordService.ts(708,33): error TS2339: Property 'size' does not exist on type '{}'.
src/services/DiscordService.ts(709,57): error TS2339: Property 'get' does not exist on type '{}'.
src/services/DiscordService.ts(711,29): error TS18046: 'participantsMembersCollection' is of type 'unknown'.
src/services/DiscordService.ts(714,27): error TS18046: 'participantsUsersCollection' is of type 'unknown'.
src/services/DiscordService.ts(715,35): error TS18046: 'conversationsCollection' is of type 'unknown'.
src/services/DiscordService.ts(720,9): error TS2345: Argument of type 'unknown' is not assignable to parameter of type 'string'.
src/services/DiscordService.ts(756,39): error TS2339: Property 'keys' does not exist on type '{}'.
src/services/DiscordService.ts(757,37): error TS2339: Property 'keys' does not exist on type '{}'.
src/services/DiscordService.ts(764,34): error TS18046: 'participantsMembersCollection' is of type 'unknown'.
src/services/DiscordService.ts(767,32): error TS2345: Argument of type '{ id: any; username: any; displayName: any; }' is not assignable to parameter of type 'string'.
src/services/DiscordService.ts(778,32): error TS18046: 'participantsUsersCollection' is of type 'unknown'.
src/services/DiscordService.ts(781,32): error TS2345: Argument of type '{ id: any; username: any; displayName: any; }' is not assignable to parameter of type 'string'.
src/services/DiscordService.ts(795,36): error TS2531: Object is possibly 'null'.
src/services/DiscordService.ts(814,34): error TS2345: Argument of type '{ id: string; username: string; displayName: string; }' is not assignable to parameter of type 'string'.
src/services/DiscordService.ts(833,38): error TS2339: Property 'username' does not exist on type 'string'.
src/services/DiscordService.ts(833,60): error TS2339: Property 'displayName' does not exist on type 'string'.
src/services/DiscordService.ts(847,43): error TS2339: Property 'id' does not exist on type 'string'.
src/services/DiscordService.ts(1029,35): error TS2339: Property 'size' does not exist on type '{}'.
src/services/DiscordService.ts(1031,63): error TS2339: Property 'filter' does not exist on type '{}'.
src/services/DiscordService.ts(1039,31): error TS18046: 'participantsMembersCollection' is of type 'unknown'.
src/services/DiscordService.ts(1042,13): error TS2322: Type 'GuildMember | null | undefined' is not assignable to type 'GuildMember | undefined'.
  Type 'null' is not assignable to type 'GuildMember | undefined'.
src/services/DiscordService.ts(1044,17): error TS2345: Argument of type 'Guild | null' is not assignable to parameter of type 'Guild'.
  Type 'null' is not assignable to type 'Guild'.
src/services/DiscordService.ts(1048,29): error TS18046: 'participantsUsersCollection' is of type 'unknown'.
src/services/DiscordService.ts(1049,37): error TS18046: 'conversationsCollection' is of type 'unknown'.
src/services/DiscordService.ts(1052,13): error TS2345: Argument of type 'unknown' is not assignable to parameter of type 'string'.
src/services/DiscordService.ts(1069,33): error TS2339: Property 'size' does not exist on type '{}'.
src/services/DiscordService.ts(1070,91): error TS2339: Property 'size' does not exist on type '{}'.
src/services/DiscordService.ts(1072,49): error TS2339: Property 'values' does not exist on type '{}'.
src/services/DiscordService.ts(1074,29): error TS18046: 'participantsMembersCollection' is of type 'unknown'.
src/services/DiscordService.ts(1077,11): error TS2322: Type 'GuildMember | null | undefined' is not assignable to type 'GuildMember | undefined'.
  Type 'null' is not assignable to type 'GuildMember | undefined'.
src/services/DiscordService.ts(1079,15): error TS2345: Argument of type 'Guild | null' is not assignable to parameter of type 'Guild'.
  Type 'null' is not assignable to type 'Guild'.
src/services/DiscordService.ts(1083,27): error TS18046: 'participantsUsersCollection' is of type 'unknown'.
src/services/DiscordService.ts(1084,35): error TS18046: 'conversationsCollection' is of type 'unknown'.
src/services/DiscordService.ts(1087,11): error TS2345: Argument of type 'unknown' is not assignable to parameter of type 'string'.
src/services/DiscordService.ts(1103,33): error TS2339: Property 'size' does not exist on type '{}'.
src/services/DiscordService.ts(1105,36): error TS18046: 'participantsCollection' is of type 'unknown'.
src/services/DiscordService.ts(1106,27): error TS2339: Property 'user' does not exist on type 'User | GuildMember'.
  Property 'user' does not exist on type 'User'.
src/services/DiscordService.ts(1107,25): error TS2339: Property 'user' does not exist on type 'User | GuildMember'.
  Property 'user' does not exist on type 'User'.
src/services/DiscordService.ts(1108,39): error TS2339: Property 'has' does not exist on type '{}'.
src/services/DiscordService.ts(1108,55): error TS2339: Property 'user' does not exist on type 'User | GuildMember'.
  Property 'user' does not exist on type 'User'.
src/services/DiscordService.ts(1109,37): error TS2339: Property 'has' does not exist on type '{}'.
src/services/DiscordService.ts(1109,53): error TS2339: Property 'user' does not exist on type 'User | GuildMember'.
  Property 'user' does not exist on type 'User'.
src/services/DiscordService.ts(1118,35): error TS18046: 'conversationsCollection' is of type 'unknown'.
src/services/DiscordService.ts(1121,29): error TS18046: 'participantsMembersCollection' is of type 'unknown'.
src/services/DiscordService.ts(1124,27): error TS18046: 'participantsUsersCollection' is of type 'unknown'.
src/services/DiscordService.ts(1127,11): error TS2345: Argument of type 'unknown' is not assignable to parameter of type 'string'.
src/services/DiscordService.ts(1143,35): error TS2339: Property 'size' does not exist on type '{}'.
src/services/DiscordService.ts(1144,131): error TS2339: Property 'size' does not exist on type '{}'.
src/services/DiscordService.ts(1147,67): error TS2339: Property 'entries' does not exist on type '{}'.
src/services/DiscordService.ts(1162,28): error TS18046: 'memberMentionsCollection' is of type 'unknown'.
src/services/DiscordService.ts(1165,28): error TS18046: 'userMentionsCollection' is of type 'unknown'.
src/services/DiscordService.ts(1169,37): error TS2339: Property 'size' does not exist on type '{}'.
src/services/DiscordService.ts(1170,60): error TS2339: Property 'values' does not exist on type '{}'.
src/services/DiscordService.ts(1183,33): error TS18046: 'conversation' is of type 'unknown'.
src/services/DiscordService.ts(1189,39): error TS2339: Property 'match' does not exist on type '{}'.
src/services/DiscordService.ts(1192,45): error TS2339: Property 'matchAll' does not exist on type '{}'.
src/services/DiscordService.ts(1208,13): error TS2322: Type 'string | null' is not assignable to type 'string'.
  Type 'null' is not assignable to type 'string'.
src/services/DiscordService.ts(1212,13): error TS2322: Type 'string | null' is not assignable to type 'string | undefined'.
  Type 'null' is not assignable to type 'string | undefined'.
src/services/DiscordService.ts(1253,32): error TS18046: 'messagesImagesCollection' is of type 'unknown'.
src/services/DiscordService.ts(1273,39): error TS18046: 'messagesImagesCollection' is of type 'unknown'.
src/services/DiscordService.ts(1342,9): error TS2345: Argument of type 'unknown' is not assignable to parameter of type 'MongoClient'.
src/services/DiscordService.ts(1400,13): error TS2345: Argument of type 'unknown' is not assignable to parameter of type 'string'.
src/services/DiscordService.ts(1403,26): error TS2345: Argument of type 'unknown' is not assignable to parameter of type 'string'.
src/services/DiscordService.ts(1419,29): error TS18046: 'participantsMembersCollection' is of type 'unknown'.
src/services/DiscordService.ts(1427,17): error TS2345: Argument of type 'Guild | null' is not assignable to parameter of type 'Guild'.
  Type 'null' is not assignable to type 'Guild'.
src/services/DiscordService.ts(1432,29): error TS18046: 'participantsUsersCollection' is of type 'unknown'.
src/services/DiscordService.ts(1444,98): error TS2345: Argument of type 'unknown' is not assignable to parameter of type 'string'.
src/services/DiscordService.ts(1451,11): error TS2345: Argument of type 'unknown' is not assignable to parameter of type 'string'.
src/services/DiscordService.ts(1454,24): error TS2345: Argument of type 'unknown' is not assignable to parameter of type 'string'.
src/services/DiscordService.ts(1461,7): error TS2345: Argument of type 'unknown' is not assignable to parameter of type 'MongoClient'.
src/services/DiscordService.ts(1466,40): error TS2339: Property 'url' does not exist on type '{}'.
src/services/DiscordService.ts(1468,71): error TS2339: Property 'name' does not exist on type '{}'.
src/services/DiscordService.ts(1469,39): error TS2339: Property 'caption' does not exist on type '{}'.
src/services/DiscordService.ts(1471,38): error TS2339: Property 'url' does not exist on type '{}'.
src/services/DiscordService.ts(1535,39): error TS2339: Property 'title' does not exist on type 'string'.
src/services/DiscordService.ts(1536,47): error TS2339: Property 'keywords' does not exist on type 'string'.
src/services/DiscordService.ts(1537,50): error TS2339: Property 'description' does not exist on type 'string'.
src/services/DiscordService.ts(1576,35): error TS2488: Type 'unknown' must have a '[Symbol.iterator]()' method that returns an iterator.
src/services/DiscordService.ts(1628,7): error TS2322: Type 'string | undefined' is not assignable to type 'string'.
  Type 'undefined' is not assignable to type 'string'.
src/services/DiscordService.ts(1629,7): error TS2322: Type 'string | undefined' is not assignable to type 'string'.
  Type 'undefined' is not assignable to type 'string'.
src/services/DiscordService.ts(1646,9): error TS2322: Type 'Buffer<ArrayBuffer>' is not assignable to type 'string'.
src/services/DiscordService.ts(1654,47): error TS2345: Argument of type 'string | null' is not assignable to parameter of type 'string'.
  Type 'null' is not assignable to type 'string'.
src/services/DiscordService.ts(1660,66): error TS2345: Argument of type 'unknown' is not assignable to parameter of type 'Error'.
src/services/DiscordService.ts(1675,18): error TS18046: 'message' is of type 'unknown'.
src/services/DiscordService.ts(1679,16): error TS18046: 'message' is of type 'unknown'.
src/services/DiscordService.ts(1705,5): error TS2345: Argument of type 'string' is not assignable to parameter of type 'Message<boolean>'.
src/services/DiscordService.ts(1711,5): error TS2322: Type 'string | undefined' is not assignable to type 'string | null'.
  Type 'undefined' is not assignable to type 'string | null'.
src/services/DiscordService.ts(1713,5): error TS2322: Type 'string | undefined' is not assignable to type 'string | null'.
  Type 'undefined' is not assignable to type 'string | null'.
src/services/DiscordService.ts(1714,58): error TS2345: Argument of type 'DMChannel | VoiceChannel | TextChannel | NewsChannel | PartialDMChannel | PartialGroupDMChannel | StageChannel | PublicThreadChannel<...> | PrivateThreadChannel' is not assignable to parameter of type '{ name: string; id: string; } | null'.
  Property 'name' is missing in type 'DMChannel' but required in type '{ name: string; id: string; }'.
src/services/DiscordService.ts(1715,54): error TS2345: Argument of type 'unknown' is not assignable to parameter of type 'Message<boolean>'.
src/services/DiscordService.ts(1717,55): error TS2345: Argument of type 'unknown' is not assignable to parameter of type 'Message<boolean>'.
src/services/DiscordService.ts(1726,7): error TS2345: Argument of type 'unknown' is not assignable to parameter of type 'Message<boolean>'.
src/services/DiscordService.ts(1731,13): error TS18046: 'message' is of type 'unknown'.
src/services/DiscordService.ts(1802,49): error TS2345: Argument of type 'string' is not assignable to parameter of type 'Message<boolean>'.
src/services/DiscordService.ts(1805,11): error TS18046: 'message' is of type 'unknown'.
src/services/DiscordService.ts(1812,99): error TS18047: 'guild' is possibly 'null'.
src/services/DiscordService.ts(1825,11): error TS18046: 'message' is of type 'unknown'.
src/services/DiscordService.ts(1829,7): error TS2345: Argument of type 'unknown' is not assignable to parameter of type 'Message<boolean>'.
src/services/DiscordService.ts(1842,103): error TS18047: 'guild' is possibly 'null'.
src/services/DiscordService.ts(1856,26): error TS2339: Property 'user' does not exist on type '{}'.
src/services/DiscordService.ts(1858,29): error TS2339: Property 'user' does not exist on type '{}'.
src/services/DiscordService.ts(1859,13): error TS2353: Object literal may only specify known properties, and 'username' does not exist in type 'GuildMember'.
src/services/DiscordService.ts(1859,35): error TS2339: Property 'user' does not exist on type '{}'.
src/services/DiscordService.ts(1861,27): error TS2339: Property 'user' does not exist on type '{}'.
src/services/DiscordService.ts(1861,58): error TS2339: Property 'user' does not exist on type '{}'.
src/services/DiscordService.ts(1873,13): error TS2353: Object literal may only specify known properties, and 'username' does not exist in type 'GuildMember'.
src/services/DiscordService.ts(1873,55): error TS2339: Property 'username' does not exist on type 'GuildMember'.
src/services/DiscordService.ts(1889,9): error TS2322: Type 'string | null' is not assignable to type 'string'.
  Type 'null' is not assignable to type 'string'.
src/services/DiscordService.ts(1891,9): error TS2322: Type 'Record<string, unknown>[]' is not assignable to type 'ChatMessage[]'.
  Type 'Record<string, unknown>' is missing the following properties from type 'ChatMessage': role, content
src/services/DiscordService.ts(1892,9): error TS2322: Type 'GuildMember[]' is not assignable to type 'string[]'.
  Type 'GuildMember' is not assignable to type 'string'.
src/services/DiscordService.ts(1894,9): error TS2322: Type 'string | null' is not assignable to type 'string | undefined'.
  Type 'null' is not assignable to type 'string | undefined'.
src/services/DiscordService.ts(1896,15): error TS2345: Argument of type '(result: string) => void' is not assignable to parameter of type '(value: Record<string, any>) => void | PromiseLike<void>'.
  Types of parameters 'result' and 'value' are incompatible.
    Type 'Record<string, any>' is not assignable to type 'string'.
src/services/DiscordService.ts(1897,23): error TS2339: Property 'count' does not exist on type 'string'.
src/services/DiscordService.ts(1899,55): error TS2339: Property 'count' does not exist on type 'string'.
src/services/DiscordService.ts(1917,9): error TS2345: Argument of type 'unknown' is not assignable to parameter of type 'Message<boolean>'.
src/services/DiscordService.ts(1925,9): error TS2345: Argument of type 'unknown' is not assignable to parameter of type 'Message<boolean>'.
src/services/DiscordService.ts(1945,13): error TS18046: 'message' is of type 'unknown'.
src/services/DiscordService.ts(1946,15): error TS18046: 'message' is of type 'unknown'.
src/services/DiscordService.ts(1947,14): error TS18046: 'message' is of type 'unknown'.
src/services/DiscordService.ts(1964,24): error TS18046: 'recentMessages' is of type 'unknown'.
src/services/DiscordService.ts(1984,5): error TS18046: 'message' is of type 'unknown'.
src/services/DiscordService.ts(1994,13): error TS18046: 'message' is of type 'unknown'.
src/services/DiscordService.ts(2009,25): error TS18046: 'recentMessages' is of type 'unknown'.
src/services/DiscordService.ts(2011,31): error TS18046: 'recentMessages' is of type 'unknown'.
src/services/DiscordService.ts(2022,34): error TS18046: 'recentMessages' is of type 'unknown'.
src/services/DiscordService.ts(2036,35): error TS18046: 'message' is of type 'unknown'.
src/services/DiscordService.ts(2054,7): error TS2345: Argument of type 'unknown' is not assignable to parameter of type 'Message<boolean>'.
src/services/DiscordService.ts(2063,18): error TS18046: 'message' is of type 'unknown'.
src/services/DiscordService.ts(2160,38): error TS2322: Type 'number' is not assignable to type 'Message<boolean>'.
src/services/DiscordService.ts(2163,40): error TS2345: Argument of type 'number' is not assignable to parameter of type 'Message<boolean>'.
src/services/DiscordService.ts(2226,13): error TS2353: Object literal may only specify known properties, and 'userId' does not exist in type 'Promise<unknown>'.
src/services/DiscordService.ts(2238,64): error TS2345: Argument of type 'string | null' is not assignable to parameter of type 'string'.
  Type 'null' is not assignable to type 'string'.
src/services/DiscordService.ts(2239,64): error TS2345: Argument of type 'string | null | undefined' is not assignable to parameter of type 'string'.
  Type 'undefined' is not assignable to type 'string'.
src/services/DiscordService.ts(2256,31): error TS2339: Property 'time' does not exist on type '{}'.
src/services/DiscordService.ts(2257,22): error TS2339: Property 'time' does not exist on type '{}'.
src/services/DiscordService.ts(2263,11): error TS2353: Object literal may only specify known properties, and 'messageId' does not exist in type 'Promise<unknown>'.
src/services/DiscordService.ts(2274,13): error TS2353: Object literal may only specify known properties, and 'messageId' does not exist in type 'Promise<unknown>'.
src/services/DiscordService.ts(2290,13): error TS2353: Object literal may only specify known properties, and 'messageId' does not exist in type 'Promise<unknown>'.
src/services/DiscordService.ts(2303,15): error TS2353: Object literal may only specify known properties, and 'messageId' does not exist in type 'Promise<unknown>'.
src/services/DiscordService.ts(2351,40): error TS2345: Argument of type '(item: { promise: Promise<unknown>; }) => Promise<unknown>' is not assignable to parameter of type '(value: Promise<unknown>, index: number, array: Promise<unknown>[]) => Promise<unknown>'.
  Types of parameters 'item' and 'value' are incompatible.
    Property 'promise' is missing in type 'Promise<unknown>' but required in type '{ promise: Promise<unknown>; }'.
src/services/DiscordService.ts(2352,33): error TS2345: Argument of type '(item: { promise: Promise<unknown>; }) => Promise<unknown>' is not assignable to parameter of type '(value: Promise<unknown>, index: number, array: Promise<unknown>[]) => Promise<unknown>'.
  Types of parameters 'item' and 'value' are incompatible.
    Property 'promise' is missing in type 'Promise<unknown>' but required in type '{ promise: Promise<unknown>; }'.
src/services/DiscordService.ts(2353,32): error TS2345: Argument of type '(item: { promise: Promise<unknown>; }) => Promise<unknown>' is not assignable to parameter of type '(value: Promise<unknown>, index: number, array: Promise<unknown>[]) => Promise<unknown>'.
  Types of parameters 'item' and 'value' are incompatible.
    Property 'promise' is missing in type 'Promise<unknown>' but required in type '{ promise: Promise<unknown>; }'.
src/services/DiscordService.ts(2354,33): error TS2345: Argument of type '(item: { promise: Promise<unknown>; }) => Promise<unknown>' is not assignable to parameter of type '(value: Promise<unknown>, index: number, array: Promise<unknown>[]) => Promise<unknown>'.
  Types of parameters 'item' and 'value' are incompatible.
    Property 'promise' is missing in type 'Promise<unknown>' but required in type '{ promise: Promise<unknown>; }'.
src/services/DiscordService.ts(2355,34): error TS2345: Argument of type '(item: { promise: Promise<unknown>; }) => Promise<unknown>' is not assignable to parameter of type '(value: Promise<unknown>, index: number, array: Promise<unknown>[]) => Promise<unknown>'.
  Types of parameters 'item' and 'value' are incompatible.
    Property 'promise' is missing in type 'Promise<unknown>' but required in type '{ promise: Promise<unknown>; }'.
src/services/DiscordService.ts(2365,42): error TS2339: Property 'userId' does not exist on type 'Promise<unknown>'.
src/services/DiscordService.ts(2373,58): error TS2339: Property 'size' does not exist on type '{}'.
src/services/DiscordService.ts(2374,57): error TS2339: Property 'entries' does not exist on type '{}'.
src/services/DiscordService.ts(2384,17): error TS2339: Property 'transcriptionsMap' does not exist on type 'unknown'.
src/services/DiscordService.ts(2385,51): error TS2339: Property 'messageId' does not exist on type 'Promise<unknown>'.
src/services/DiscordService.ts(2391,15): error TS2740: Type '{ id: any; }' is missing the following properties from type 'Message<boolean>': _cacheType, _patch, activity, applicationId, and 67 more.
src/services/DiscordService.ts(2391,35): error TS2339: Property 'messageId' does not exist on type 'Promise<unknown>'.
src/services/DiscordService.ts(2405,17): error TS2339: Property 'imagesMap' does not exist on type 'unknown'.
src/services/DiscordService.ts(2406,43): error TS2339: Property 'messageId' does not exist on type 'Promise<unknown>'.
src/services/DiscordService.ts(2412,15): error TS2740: Type '{ id: any; }' is missing the following properties from type 'Message<boolean>': _cacheType, _patch, activity, applicationId, and 67 more.
src/services/DiscordService.ts(2412,35): error TS2339: Property 'messageId' does not exist on type 'Promise<unknown>'.
src/services/DiscordService.ts(2428,25): error TS2339: Property 'messageId' does not exist on type 'Promise<unknown>'.
src/services/DiscordService.ts(2448,28): error TS2339: Property 'attachments' does not exist on type '{}'.
src/services/DiscordService.ts(2449,33): error TS18046: 'recentMessage' is of type 'unknown'.
src/services/DiscordService.ts(2450,13): error TS18047: 'attachment.contentType' is possibly 'null'.
src/services/DiscordService.ts(2474,13): error TS18046: 'recentMessage' is of type 'unknown'.
src/services/DiscordService.ts(2475,74): error TS18046: 'recentMessage' is of type 'unknown'.
src/services/DiscordService.ts(2480,13): error TS18046: 'recentMessage' is of type 'unknown'.
src/services/DiscordService.ts(2483,54): error TS18046: 'recentMessage' is of type 'unknown'.
src/services/DiscordService.ts(2488,13): error TS18046: 'recentMessage' is of type 'unknown'.
src/services/DiscordService.ts(2489,31): error TS18046: 'recentMessage' is of type 'unknown'.
src/services/DiscordService.ts(2510,24): error TS18046: 'recentMessage' is of type 'unknown'.
src/services/DiscordService.ts(2515,59): error TS2345: Argument of type 'unknown' is not assignable to parameter of type 'Message<boolean>'.
src/services/DiscordService.ts(2535,61): error TS2345: Argument of type 'unknown' is not assignable to parameter of type 'Message<boolean>'.
src/services/DiscordService.ts(2542,11): error TS18046: 'recentMessage' is of type 'unknown'.
src/services/DiscordService.ts(2544,75): error TS2345: Argument of type 'unknown' is not assignable to parameter of type 'string'.
src/services/DiscordService.ts(2546,19): error TS18046: 'recentMessage' is of type 'unknown'.
src/services/DiscordService.ts(2559,52): error TS18046: 'recentMessage' is of type 'unknown'.
src/services/DiscordService.ts(2560,13): error TS18046: 'recentMessage' is of type 'unknown'.
src/services/DiscordService.ts(2564,49): error TS18046: 'recentMessage' is of type 'unknown'.
src/services/DiscordService.ts(2567,30): error TS2339: Property 'createdTimestamp' does not exist on type '{}'.
src/services/DiscordService.ts(2570,64): error TS2345: Argument of type 'unknown' is not assignable to parameter of type 'string'.
src/services/DiscordService.ts(2573,40): error TS2339: Property 'member' does not exist on type '{}'.
src/services/DiscordService.ts(2579,32): error TS2339: Property 'cleanContent' does not exist on type '{}'.
src/services/DiscordService.ts(2583,54): error TS2339: Property 'content' does not exist on type '{}'.
src/services/DiscordService.ts(2588,15): error TS2345: Argument of type '{}' is not assignable to parameter of type 'Message<boolean>'.
  Type '{}' is missing the following properties from type 'Message<boolean>': _cacheType, _patch, activity, applicationId, and 68 more.
src/services/DiscordService.ts(2600,15): error TS2345: Argument of type '{}' is not assignable to parameter of type 'Message<boolean>'.
  Type '{}' is missing the following properties from type 'Message<boolean>': _cacheType, _patch, activity, applicationId, and 68 more.
src/services/DiscordService.ts(2607,13): error TS18046: 'recentMessage' is of type 'unknown'.
src/services/DiscordService.ts(2611,35): error TS18046: 'recentMessage' is of type 'unknown'.
src/services/DiscordService.ts(2618,11): error TS2345: Argument of type 'unknown' is not assignable to parameter of type 'Message<boolean>'.
src/services/DiscordService.ts(2628,34): error TS18046: 'recentMessage' is of type 'unknown'.
src/services/DiscordService.ts(2629,13): error TS18046: 'recentMessage' is of type 'unknown'.
src/services/DiscordService.ts(2630,72): error TS18046: 'recentMessage' is of type 'unknown'.
src/services/DiscordService.ts(2631,76): error TS18046: 'recentMessage' is of type 'unknown'.
src/services/DiscordService.ts(2636,59): error TS2345: Argument of type 'unknown' is not assignable to parameter of type 'Message<boolean>'.
src/services/DiscordService.ts(2674,17): error TS2532: Object is possibly 'undefined'.
src/services/DiscordService.ts(2675,10): error TS2345: Argument of type 'string | undefined' is not assignable to parameter of type 'string'.
  Type 'undefined' is not assignable to type 'string'.
src/services/DiscordService.ts(2710,27): error TS2345: Argument of type '[ButtonBuilder]' is not assignable to parameter of type 'RestOrArray<StringSelectMenuBuilder>'.
  Type '[ButtonBuilder]' is not assignable to type '[StringSelectMenuBuilder[]]'.
    Type 'ButtonBuilder' is missing the following properties from type 'StringSelectMenuBuilder[]': length, pop, push, concat, and 35 more.
src/services/DiscordService.ts(2724,5): error TS2345: Argument of type 'string | undefined' is not assignable to parameter of type 'string'.
  Type 'undefined' is not assignable to type 'string'.
src/services/DiscordService.ts(2730,13): error TS2339: Property 'messages' does not exist on type 'Channel'.
  Property 'messages' does not exist on type 'CategoryChannel'.
src/services/DiscordService.ts(2731,20): error TS2339: Property 'messages' does not exist on type 'Channel'.
  Property 'messages' does not exist on type 'CategoryChannel'.
src/services/DiscordService.ts(2736,19): error TS2339: Property 'send' does not exist on type 'Channel'.
  Property 'send' does not exist on type 'CategoryChannel'.
src/services/DiscordService.ts(2737,19): error TS2339: Property 'send' does not exist on type 'Channel'.
  Property 'send' does not exist on type 'CategoryChannel'.
src/services/DiscordService.ts(2738,19): error TS2339: Property 'send' does not exist on type 'Channel'.
  Property 'send' does not exist on type 'CategoryChannel'.
src/services/DiscordService.ts(2751,19): error TS2339: Property 'send' does not exist on type 'Channel'.
  Property 'send' does not exist on type 'CategoryChannel'.
src/services/DiscordService.ts(2755,39): error TS2339: Property 'messages' does not exist on type 'Channel'.
  Property 'messages' does not exist on type 'CategoryChannel'.
src/services/DiscordService.ts(2774,11): error TS18047: 'client.application' is possibly 'null'.
src/services/DiscordService.ts(2782,5): error TS18047: 'client.user' is possibly 'null'.
src/services/DiscordService.ts(2790,49): error TS2345: Argument of type 'string' is not assignable to parameter of type 'Message<boolean>'.
  Type 'string' is not assignable to type 'Message<boolean>'.
src/services/DiscordService.ts(3144,39): error TS2345: Argument of type 'string | undefined' is not assignable to parameter of type 'string'.
  Type 'undefined' is not assignable to type 'string'.
src/services/DiscordService.ts(3197,5): error TS2531: Object is possibly 'null'.
src/services/DiscordService.ts(3264,43): error TS2345: Argument of type 'unknown' is not assignable to parameter of type 'MongoClient'.
src/services/DiscordService.ts(3273,15): error TS2345: Argument of type '{}' is not assignable to parameter of type 'Timeout'.
  Type '{}' is missing the following properties from type 'Timeout': close, hasRef, ref, refresh, and 4 more.
src/services/DiscordService.ts(3280,71): error TS2339: Property 'channel' does not exist on type '{}'.
src/services/DiscordService.ts(3285,15): error TS2345: Argument of type '{}' is not assignable to parameter of type 'Timeout'.
  Type '{}' is missing the following properties from type 'Timeout': close, hasRef, ref, refresh, and 4 more.
src/services/DiscordService.ts(3307,59): error TS2345: Argument of type 'unknown' is not assignable to parameter of type 'MongoClient'.
src/services/DiscordService.ts(3316,52): error TS2345: Argument of type 'Message<boolean> | PartialMessage<boolean>' is not assignable to parameter of type 'Message<boolean>'.
  Type 'PartialMessage<boolean>' is missing the following properties from type 'Message<boolean>': _cacheType, _patch
src/services/DiscordService.ts(3342,57): error TS2345: Argument of type 'Message<boolean> | PartialMessage<boolean>' is not assignable to parameter of type 'Message<boolean>'.
  Type 'PartialMessage<boolean>' is missing the following properties from type 'Message<boolean>': _cacheType, _patch
src/services/DiscordService.ts(3377,7): error TS2345: Argument of type 'string | undefined' is not assignable to parameter of type 'string'.
  Type 'undefined' is not assignable to type 'string'.
src/services/DiscordService.ts(3420,43): error TS2362: The left-hand side of an arithmetic operation must be of type 'any', 'number', 'bigint' or an enum type.
src/services/DiscordService.ts(3421,43): error TS2362: The left-hand side of an arithmetic operation must be of type 'any', 'number', 'bigint' or an enum type.
src/services/DiscordService.ts(3443,20): error TS18047: 'interaction.guild' is possibly 'null'.
src/services/DiscordService.ts(3598,9): error TS2345: Argument of type 'string | undefined' is not assignable to parameter of type 'string'.
  Type 'undefined' is not assignable to type 'string'.
src/services/DiscordService.ts(3653,35): error TS2532: Object is possibly 'undefined'.
src/services/DiscordService.ts(3673,35): error TS2532: Object is possibly 'undefined'.
src/services/DiscordService.ts(3842,96): error TS2345: Argument of type '(client: Client<boolean>, { _mongo, localMongo }: Record<string, unknown>, message: Message<boolean>) => Promise<void>' is not assignable to parameter of type '(...args: unknown[]) => void'.
  Types of parameters 'client' and 'args' are incompatible.
    Type 'unknown' is not assignable to type 'Client<boolean>'.
src/services/DiscordService.ts(3843,96): error TS2345: Argument of type '(client: Client<boolean>, { _mongo, localMongo }: Record<string, unknown>, oldMessage: Message<boolean> | PartialMessage<boolean>, newMessage: Message<boolean> | PartialMessage<...>) => Promise<...>' is not assignable to parameter of type '(...args: unknown[]) => void'.
  Types of parameters 'client' and 'args' are incompatible.
    Type 'unknown' is not assignable to type 'Client<boolean>'.
